systems/cycle/models.py:72: error: No overload variant of "dict" matches argument type "object"  [call-overload]
systems/cycle/models.py:72: note: Possible overload variants:
systems/cycle/models.py:72: note:     def [_KT, _VT] dict() -> dict[_KT, _VT]
systems/cycle/models.py:72: note:     def [_KT, _VT] dict(**kwargs: _VT) -> dict[str, _VT]
systems/cycle/models.py:72: note:     def [_KT, _VT] dict(SupportsKeysAndGetItem[_KT, _VT], /) -> dict[_KT, _VT]
systems/cycle/models.py:72: note:     def [_KT, _VT] dict(SupportsKeysAndGetItem[str, _VT], /, **kwargs: _VT) -> dict[str, _VT]
systems/cycle/models.py:72: note:     def [_KT, _VT] dict(Iterable[tuple[_KT, _VT]], /) -> dict[_KT, _VT]
systems/cycle/models.py:72: note:     def [_KT, _VT] dict(Iterable[tuple[str, _VT]], /, **kwargs: _VT) -> dict[str, _VT]
systems/cycle/models.py:72: note:     def [_KT, _VT] dict(Iterable[list[str]], /) -> dict[str, str]
systems/cycle/models.py:72: note:     def [_KT, _VT] dict(Iterable[list[bytes]], /) -> dict[bytes, bytes]
physics/thermochemistry/cache.py:1365: error: "bool" is invalid as return type for "__exit__" that always returns False  [exit-return]
physics/thermochemistry/cache.py:1365: note: Use "typing.Literal[False]" as the return type or change it to "None"
physics/thermochemistry/cache.py:1365: note: If return type of "__exit__" implies that it may return True, the context manager may swallow exceptions
systems/contracts/results.py:77: error: "object" has no attribute "__iter__"; maybe "__dir__" or "__str__"? (not iterable)  [attr-defined]
systems/contracts/results.py:78: error: "object" has no attribute "__iter__"; maybe "__dir__" or "__str__"? (not iterable)  [attr-defined]
systems/contracts/results.py:156: error: No overload variant of "int" matches argument type "object"  [call-overload]
systems/contracts/results.py:156: note: Possible overload variants:
systems/contracts/results.py:156: note:     def int(str | Buffer | SupportsInt | SupportsIndex | SupportsTrunc = ..., /) -> int
systems/contracts/results.py:156: note:     def int(str | bytes | bytearray, /, base: SupportsIndex) -> int
systems/contracts/results.py:219: error: No overload variant of "dict" matches argument type "object"  [call-overload]
systems/contracts/results.py:219: note: Possible overload variants:
systems/contracts/results.py:219: note:     def [_KT, _VT] dict() -> dict[_KT, _VT]
systems/contracts/results.py:219: note:     def [_KT, _VT] dict(**kwargs: _VT) -> dict[str, _VT]
systems/contracts/results.py:219: note:     def [_KT, _VT] dict(SupportsKeysAndGetItem[_KT, _VT], /) -> dict[_KT, _VT]
systems/contracts/results.py:219: note:     def [_KT, _VT] dict(SupportsKeysAndGetItem[str, _VT], /, **kwargs: _VT) -> dict[str, _VT]
systems/contracts/results.py:219: note:     def [_KT, _VT] dict(Iterable[tuple[_KT, _VT]], /) -> dict[_KT, _VT]
systems/contracts/results.py:219: note:     def [_KT, _VT] dict(Iterable[tuple[str, _VT]], /, **kwargs: _VT) -> dict[str, _VT]
systems/contracts/results.py:219: note:     def [_KT, _VT] dict(Iterable[list[str]], /) -> dict[str, str]
systems/contracts/results.py:219: note:     def [_KT, _VT] dict(Iterable[list[bytes]], /) -> dict[bytes, bytes]
systems/contracts/results.py:220: error: No overload variant of "dict" matches argument type "object"  [call-overload]
systems/contracts/results.py:220: note: Possible overload variants:
systems/contracts/results.py:220: note:     def [_KT, _VT] dict() -> dict[_KT, _VT]
systems/contracts/results.py:220: note:     def [_KT, _VT] dict(**kwargs: _VT) -> dict[str, _VT]
systems/contracts/results.py:220: note:     def [_KT, _VT] dict(SupportsKeysAndGetItem[_KT, _VT], /) -> dict[_KT, _VT]
systems/contracts/results.py:220: note:     def [_KT, _VT] dict(SupportsKeysAndGetItem[str, _VT], /, **kwargs: _VT) -> dict[str, _VT]
systems/contracts/results.py:220: note:     def [_KT, _VT] dict(Iterable[tuple[_KT, _VT]], /) -> dict[_KT, _VT]
systems/contracts/results.py:220: note:     def [_KT, _VT] dict(Iterable[tuple[str, _VT]], /, **kwargs: _VT) -> dict[str, _VT]
systems/contracts/results.py:220: note:     def [_KT, _VT] dict(Iterable[list[str]], /) -> dict[str, str]
systems/contracts/results.py:220: note:     def [_KT, _VT] dict(Iterable[list[bytes]], /) -> dict[bytes, bytes]
systems/contracts/results.py:221: error: "object" has no attribute "__iter__"; maybe "__dir__" or "__str__"? (not iterable)  [attr-defined]
systems/contracts/results.py:222: error: "object" has no attribute "__iter__"; maybe "__dir__" or "__str__"? (not iterable)  [attr-defined]
systems/contracts/results.py:225: error: "object" has no attribute "__iter__"; maybe "__dir__" or "__str__"? (not iterable)  [attr-defined]
systems/contracts/results.py:227: error: No overload variant of "dict" matches argument type "object"  [call-overload]
systems/contracts/results.py:227: note: Possible overload variants:
systems/contracts/results.py:227: note:     def [_KT, _VT] dict() -> dict[_KT, _VT]
systems/contracts/results.py:227: note:     def [_KT, _VT] dict(**kwargs: _VT) -> dict[str, _VT]
systems/contracts/results.py:227: note:     def [_KT, _VT] dict(SupportsKeysAndGetItem[_KT, _VT], /) -> dict[_KT, _VT]
systems/contracts/results.py:227: note:     def [_KT, _VT] dict(SupportsKeysAndGetItem[str, _VT], /, **kwargs: _VT) -> dict[str, _VT]
systems/contracts/results.py:227: note:     def [_KT, _VT] dict(Iterable[tuple[_KT, _VT]], /) -> dict[_KT, _VT]
systems/contracts/results.py:227: note:     def [_KT, _VT] dict(Iterable[tuple[str, _VT]], /, **kwargs: _VT) -> dict[str, _VT]
systems/contracts/results.py:227: note:     def [_KT, _VT] dict(Iterable[list[str]], /) -> dict[str, str]
systems/contracts/results.py:227: note:     def [_KT, _VT] dict(Iterable[list[bytes]], /) -> dict[bytes, bytes]
systems/contracts/results.py:229: error: No overload variant of "dict" matches argument type "object"  [call-overload]
systems/contracts/results.py:229: note: Possible overload variants:
systems/contracts/results.py:229: note:     def [_KT, _VT] dict() -> dict[_KT, _VT]
systems/contracts/results.py:229: note:     def [_KT, _VT] dict(**kwargs: _VT) -> dict[str, _VT]
systems/contracts/results.py:229: note:     def [_KT, _VT] dict(SupportsKeysAndGetItem[_KT, _VT], /) -> dict[_KT, _VT]
systems/contracts/results.py:229: note:     def [_KT, _VT] dict(SupportsKeysAndGetItem[str, _VT], /, **kwargs: _VT) -> dict[str, _VT]
systems/contracts/results.py:229: note:     def [_KT, _VT] dict(Iterable[tuple[_KT, _VT]], /) -> dict[_KT, _VT]
systems/contracts/results.py:229: note:     def [_KT, _VT] dict(Iterable[tuple[str, _VT]], /, **kwargs: _VT) -> dict[str, _VT]
systems/contracts/results.py:229: note:     def [_KT, _VT] dict(Iterable[list[str]], /) -> dict[str, str]
systems/contracts/results.py:229: note:     def [_KT, _VT] dict(Iterable[list[bytes]], /) -> dict[bytes, bytes]
systems/contracts/results.py:232: error: No overload variant of "dict" matches argument type "object"  [call-overload]
systems/contracts/results.py:232: note: Possible overload variants:
systems/contracts/results.py:232: note:     def [_KT, _VT] dict() -> dict[_KT, _VT]
systems/contracts/results.py:232: note:     def [_KT, _VT] dict(**kwargs: _VT) -> dict[str, _VT]
systems/contracts/results.py:232: note:     def [_KT, _VT] dict(SupportsKeysAndGetItem[_KT, _VT], /) -> dict[_KT, _VT]
systems/contracts/results.py:232: note:     def [_KT, _VT] dict(SupportsKeysAndGetItem[str, _VT], /, **kwargs: _VT) -> dict[str, _VT]
systems/contracts/results.py:232: note:     def [_KT, _VT] dict(Iterable[tuple[_KT, _VT]], /) -> dict[_KT, _VT]
systems/contracts/results.py:232: note:     def [_KT, _VT] dict(Iterable[tuple[str, _VT]], /, **kwargs: _VT) -> dict[str, _VT]
systems/contracts/results.py:232: note:     def [_KT, _VT] dict(Iterable[list[str]], /) -> dict[str, str]
systems/contracts/results.py:232: note:     def [_KT, _VT] dict(Iterable[list[bytes]], /) -> dict[bytes, bytes]
systems/contracts/results.py:235: error: No overload variant of "dict" matches argument type "object"  [call-overload]
systems/contracts/results.py:235: note: Possible overload variants:
systems/contracts/results.py:235: note:     def [_KT, _VT] dict() -> dict[_KT, _VT]
systems/contracts/results.py:235: note:     def [_KT, _VT] dict(**kwargs: _VT) -> dict[str, _VT]
systems/contracts/results.py:235: note:     def [_KT, _VT] dict(SupportsKeysAndGetItem[_KT, _VT], /) -> dict[_KT, _VT]
systems/contracts/results.py:235: note:     def [_KT, _VT] dict(SupportsKeysAndGetItem[str, _VT], /, **kwargs: _VT) -> dict[str, _VT]
systems/contracts/results.py:235: note:     def [_KT, _VT] dict(Iterable[tuple[_KT, _VT]], /) -> dict[_KT, _VT]
systems/contracts/results.py:235: note:     def [_KT, _VT] dict(Iterable[tuple[str, _VT]], /, **kwargs: _VT) -> dict[str, _VT]
systems/contracts/results.py:235: note:     def [_KT, _VT] dict(Iterable[list[str]], /) -> dict[str, str]
systems/contracts/results.py:235: note:     def [_KT, _VT] dict(Iterable[list[bytes]], /) -> dict[bytes, bytes]
systems/contracts/results.py:238: error: No overload variant of "int" matches argument type "object"  [call-overload]
systems/contracts/results.py:238: note: Possible overload variants:
systems/contracts/results.py:238: note:     def int(str | Buffer | SupportsInt | SupportsIndex | SupportsTrunc = ..., /) -> int
systems/contracts/results.py:238: note:     def int(str | bytes | bytearray, /, base: SupportsIndex) -> int
systems/workflow/graph.py:87: error: "object" has no attribute "__iter__"; maybe "__dir__" or "__str__"? (not iterable)  [attr-defined]
systems/workflow/graph.py:94: error: "object" has no attribute "__iter__"; maybe "__dir__" or "__str__"? (not iterable)  [attr-defined]
systems/workflow/graph.py:141: error: "object" has no attribute "__iter__"; maybe "__dir__" or "__str__"? (not iterable)  [attr-defined]
systems/workflow/graph.py:194: error: No overload variant of "dict" matches argument type "object"  [call-overload]
systems/workflow/graph.py:194: note: Possible overload variants:
systems/workflow/graph.py:194: note:     def [_KT, _VT] dict() -> dict[_KT, _VT]
systems/workflow/graph.py:194: note:     def [_KT, _VT] dict(**kwargs: _VT) -> dict[str, _VT]
systems/workflow/graph.py:194: note:     def [_KT, _VT] dict(SupportsKeysAndGetItem[_KT, _VT], /) -> dict[_KT, _VT]
systems/workflow/graph.py:194: note:     def [_KT, _VT] dict(SupportsKeysAndGetItem[str, _VT], /, **kwargs: _VT) -> dict[str, _VT]
systems/workflow/graph.py:194: note:     def [_KT, _VT] dict(Iterable[tuple[_KT, _VT]], /) -> dict[_KT, _VT]
systems/workflow/graph.py:194: note:     def [_KT, _VT] dict(Iterable[tuple[str, _VT]], /, **kwargs: _VT) -> dict[str, _VT]
systems/workflow/graph.py:194: note:     def [_KT, _VT] dict(Iterable[list[str]], /) -> dict[str, str]
systems/workflow/graph.py:194: note:     def [_KT, _VT] dict(Iterable[list[bytes]], /) -> dict[bytes, bytes]
core/logger.py:119: error: "bool" is invalid as return type for "__exit__" that always returns False  [exit-return]
core/logger.py:119: note: Use "typing.Literal[False]" as the return type or change it to "None"
core/logger.py:119: note: If return type of "__exit__" implies that it may return True, the context manager may swallow exceptions
core/settings.py:1413: error: Incompatible types in assignment (expression has type "tuple[str, str, ... <20 more items>]", variable has type "tuple[str, str, ... <17 more items>]")  [assignment]
api/authorization.py:71: error: Unsupported right operand type for in ("object")  [operator]
physics/thermochemistry/propellants.py:1724: error: Incompatible types in assignment (expression has type "tuple[str, str, ... <21 more items>]", variable has type "tuple[str, str, str, str, str, str]")  [assignment]
systems/workflow/state.py:73: error: No overload variant of "dict" matches argument type "object"  [call-overload]
systems/workflow/state.py:73: note: Possible overload variants:
systems/workflow/state.py:73: note:     def [_KT, _VT] dict() -> dict[_KT, _VT]
systems/workflow/state.py:73: note:     def [_KT, _VT] dict(**kwargs: _VT) -> dict[str, _VT]
systems/workflow/state.py:73: note:     def [_KT, _VT] dict(SupportsKeysAndGetItem[_KT, _VT], /) -> dict[_KT, _VT]
systems/workflow/state.py:73: note:     def [_KT, _VT] dict(SupportsKeysAndGetItem[str, _VT], /, **kwargs: _VT) -> dict[str, _VT]
systems/workflow/state.py:73: note:     def [_KT, _VT] dict(Iterable[tuple[_KT, _VT]], /) -> dict[_KT, _VT]
systems/workflow/state.py:73: note:     def [_KT, _VT] dict(Iterable[tuple[str, _VT]], /, **kwargs: _VT) -> dict[str, _VT]
systems/workflow/state.py:73: note:     def [_KT, _VT] dict(Iterable[list[str]], /) -> dict[str, str]
systems/workflow/state.py:73: note:     def [_KT, _VT] dict(Iterable[list[bytes]], /) -> dict[bytes, bytes]
systems/workflow/state.py:76: error: No overload variant of "dict" matches argument type "object"  [call-overload]
systems/workflow/state.py:76: note: Possible overload variants:
systems/workflow/state.py:76: note:     def [_KT, _VT] dict() -> dict[_KT, _VT]
systems/workflow/state.py:76: note:     def [_KT, _VT] dict(**kwargs: _VT) -> dict[str, _VT]
systems/workflow/state.py:76: note:     def [_KT, _VT] dict(SupportsKeysAndGetItem[_KT, _VT], /) -> dict[_KT, _VT]
systems/workflow/state.py:76: note:     def [_KT, _VT] dict(SupportsKeysAndGetItem[str, _VT], /, **kwargs: _VT) -> dict[str, _VT]
systems/workflow/state.py:76: note:     def [_KT, _VT] dict(Iterable[tuple[_KT, _VT]], /) -> dict[_KT, _VT]
systems/workflow/state.py:76: note:     def [_KT, _VT] dict(Iterable[tuple[str, _VT]], /, **kwargs: _VT) -> dict[str, _VT]
systems/workflow/state.py:76: note:     def [_KT, _VT] dict(Iterable[list[str]], /) -> dict[str, str]
systems/workflow/state.py:76: note:     def [_KT, _VT] dict(Iterable[list[bytes]], /) -> dict[bytes, bytes]
systems/workflow/state.py:83: error: "object" has no attribute "__iter__"; maybe "__dir__" or "__str__"? (not iterable)  [attr-defined]
systems/requirements/models.py:59: error: Argument 1 to "float" has incompatible type "object"; expected "str | Buffer | SupportsFloat | SupportsIndex"  [arg-type]
systems/requirements/models.py:62: error: Argument 1 to "float" has incompatible type "object"; expected "str | Buffer | SupportsFloat | SupportsIndex"  [arg-type]
systems/propellants/models.py:45: error: Argument 1 to "float" has incompatible type "object"; expected "str | Buffer | SupportsFloat | SupportsIndex"  [arg-type]
systems/operating_point/models.py:59: error: Argument 1 to "float" has incompatible type "object"; expected "str | Buffer | SupportsFloat | SupportsIndex"  [arg-type]
systems/operating_point/models.py:61: error: Argument 1 to "float" has incompatible type "object"; expected "str | Buffer | SupportsFloat | SupportsIndex"  [arg-type]
systems/operating_point/models.py:65: error: Argument 1 to "float" has incompatible type "object"; expected "str | Buffer | SupportsFloat | SupportsIndex"  [arg-type]
systems/projects/models.py:63: error: No overload variant of "int" matches argument type "object"  [call-overload]
systems/projects/models.py:63: note: Possible overload variants:
systems/projects/models.py:63: note:     def int(str | Buffer | SupportsInt | SupportsIndex | SupportsTrunc = ..., /) -> int
systems/projects/models.py:63: note:     def int(str | bytes | bytearray, /, base: SupportsIndex) -> int
systems/projects/models.py:206: error: No overload variant of "int" matches argument type "object"  [call-overload]
systems/projects/models.py:206: note: Possible overload variants:
systems/projects/models.py:206: note:     def int(str | Buffer | SupportsInt | SupportsIndex | SupportsTrunc = ..., /) -> int
systems/projects/models.py:206: note:     def int(str | bytes | bytearray, /, base: SupportsIndex) -> int
systems/projects/models.py:210: error: No overload variant of "dict" matches argument type "object"  [call-overload]
systems/projects/models.py:210: note: Possible overload variants:
systems/projects/models.py:210: note:     def [_KT, _VT] dict() -> dict[_KT, _VT]
systems/projects/models.py:210: note:     def [_KT, _VT] dict(**kwargs: _VT) -> dict[str, _VT]
systems/projects/models.py:210: note:     def [_KT, _VT] dict(SupportsKeysAndGetItem[_KT, _VT], /) -> dict[_KT, _VT]
systems/projects/models.py:210: note:     def [_KT, _VT] dict(SupportsKeysAndGetItem[str, _VT], /, **kwargs: _VT) -> dict[str, _VT]
systems/projects/models.py:210: note:     def [_KT, _VT] dict(Iterable[tuple[_KT, _VT]], /) -> dict[_KT, _VT]
systems/projects/models.py:210: note:     def [_KT, _VT] dict(Iterable[tuple[str, _VT]], /, **kwargs: _VT) -> dict[str, _VT]
systems/projects/models.py:210: note:     def [_KT, _VT] dict(Iterable[list[str]], /) -> dict[str, str]
systems/projects/models.py:210: note:     def [_KT, _VT] dict(Iterable[list[bytes]], /) -> dict[bytes, bytes]
systems/projects/models.py:213: error: No overload variant of "dict" matches argument type "object"  [call-overload]
systems/projects/models.py:213: note: Possible overload variants:
systems/projects/models.py:213: note:     def [_KT, _VT] dict() -> dict[_KT, _VT]
systems/projects/models.py:213: note:     def [_KT, _VT] dict(**kwargs: _VT) -> dict[str, _VT]
systems/projects/models.py:213: note:     def [_KT, _VT] dict(SupportsKeysAndGetItem[_KT, _VT], /) -> dict[_KT, _VT]
systems/projects/models.py:213: note:     def [_KT, _VT] dict(SupportsKeysAndGetItem[str, _VT], /, **kwargs: _VT) -> dict[str, _VT]
systems/projects/models.py:213: note:     def [_KT, _VT] dict(Iterable[tuple[_KT, _VT]], /) -> dict[_KT, _VT]
systems/projects/models.py:213: note:     def [_KT, _VT] dict(Iterable[tuple[str, _VT]], /, **kwargs: _VT) -> dict[str, _VT]
systems/projects/models.py:213: note:     def [_KT, _VT] dict(Iterable[list[str]], /) -> dict[str, str]
systems/projects/models.py:213: note:     def [_KT, _VT] dict(Iterable[list[bytes]], /) -> dict[bytes, bytes]
systems/projects/models.py:216: error: No overload variant of "dict" matches argument type "object"  [call-overload]
systems/projects/models.py:216: note: Possible overload variants:
systems/projects/models.py:216: note:     def [_KT, _VT] dict() -> dict[_KT, _VT]
systems/projects/models.py:216: note:     def [_KT, _VT] dict(**kwargs: _VT) -> dict[str, _VT]
systems/projects/models.py:216: note:     def [_KT, _VT] dict(SupportsKeysAndGetItem[_KT, _VT], /) -> dict[_KT, _VT]
systems/projects/models.py:216: note:     def [_KT, _VT] dict(SupportsKeysAndGetItem[str, _VT], /, **kwargs: _VT) -> dict[str, _VT]
systems/projects/models.py:216: note:     def [_KT, _VT] dict(Iterable[tuple[_KT, _VT]], /) -> dict[_KT, _VT]
systems/projects/models.py:216: note:     def [_KT, _VT] dict(Iterable[tuple[str, _VT]], /, **kwargs: _VT) -> dict[str, _VT]
systems/projects/models.py:216: note:     def [_KT, _VT] dict(Iterable[list[str]], /) -> dict[str, str]
systems/projects/models.py:216: note:     def [_KT, _VT] dict(Iterable[list[bytes]], /) -> dict[bytes, bytes]
systems/projects/models.py:219: error: No overload variant of "dict" matches argument type "object"  [call-overload]
systems/projects/models.py:219: note: Possible overload variants:
systems/projects/models.py:219: note:     def [_KT, _VT] dict() -> dict[_KT, _VT]
systems/projects/models.py:219: note:     def [_KT, _VT] dict(**kwargs: _VT) -> dict[str, _VT]
systems/projects/models.py:219: note:     def [_KT, _VT] dict(SupportsKeysAndGetItem[_KT, _VT], /) -> dict[_KT, _VT]
systems/projects/models.py:219: note:     def [_KT, _VT] dict(SupportsKeysAndGetItem[str, _VT], /, **kwargs: _VT) -> dict[str, _VT]
systems/projects/models.py:219: note:     def [_KT, _VT] dict(Iterable[tuple[_KT, _VT]], /) -> dict[_KT, _VT]
systems/projects/models.py:219: note:     def [_KT, _VT] dict(Iterable[tuple[str, _VT]], /, **kwargs: _VT) -> dict[str, _VT]
systems/projects/models.py:219: note:     def [_KT, _VT] dict(Iterable[list[str]], /) -> dict[str, str]
systems/projects/models.py:219: note:     def [_KT, _VT] dict(Iterable[list[bytes]], /) -> dict[bytes, bytes]
systems/projects/models.py:222: error: No overload variant of "dict" matches argument type "object"  [call-overload]
systems/projects/models.py:222: note: Possible overload variants:
systems/projects/models.py:222: note:     def [_KT, _VT] dict() -> dict[_KT, _VT]
systems/projects/models.py:222: note:     def [_KT, _VT] dict(**kwargs: _VT) -> dict[str, _VT]
systems/projects/models.py:222: note:     def [_KT, _VT] dict(SupportsKeysAndGetItem[_KT, _VT], /) -> dict[_KT, _VT]
systems/projects/models.py:222: note:     def [_KT, _VT] dict(SupportsKeysAndGetItem[str, _VT], /, **kwargs: _VT) -> dict[str, _VT]
systems/projects/models.py:222: note:     def [_KT, _VT] dict(Iterable[tuple[_KT, _VT]], /) -> dict[_KT, _VT]
systems/projects/models.py:222: note:     def [_KT, _VT] dict(Iterable[tuple[str, _VT]], /, **kwargs: _VT) -> dict[str, _VT]
systems/projects/models.py:222: note:     def [_KT, _VT] dict(Iterable[list[str]], /) -> dict[str, str]
systems/projects/models.py:222: note:     def [_KT, _VT] dict(Iterable[list[bytes]], /) -> dict[bytes, bytes]
systems/projects/models.py:225: error: No overload variant of "dict" matches argument type "object"  [call-overload]
systems/projects/models.py:225: note: Possible overload variants:
systems/projects/models.py:225: note:     def [_KT, _VT] dict() -> dict[_KT, _VT]
systems/projects/models.py:225: note:     def [_KT, _VT] dict(**kwargs: _VT) -> dict[str, _VT]
systems/projects/models.py:225: note:     def [_KT, _VT] dict(SupportsKeysAndGetItem[_KT, _VT], /) -> dict[_KT, _VT]
systems/projects/models.py:225: note:     def [_KT, _VT] dict(SupportsKeysAndGetItem[str, _VT], /, **kwargs: _VT) -> dict[str, _VT]
systems/projects/models.py:225: note:     def [_KT, _VT] dict(Iterable[tuple[_KT, _VT]], /) -> dict[_KT, _VT]
systems/projects/models.py:225: note:     def [_KT, _VT] dict(Iterable[tuple[str, _VT]], /, **kwargs: _VT) -> dict[str, _VT]
systems/projects/models.py:225: note:     def [_KT, _VT] dict(Iterable[list[str]], /) -> dict[str, str]
systems/projects/models.py:225: note:     def [_KT, _VT] dict(Iterable[list[bytes]], /) -> dict[bytes, bytes]
systems/projects/models.py:228: error: No overload variant of "dict" matches argument type "object"  [call-overload]
systems/projects/models.py:228: note: Possible overload variants:
systems/projects/models.py:228: note:     def [_KT, _VT] dict() -> dict[_KT, _VT]
systems/projects/models.py:228: note:     def [_KT, _VT] dict(**kwargs: _VT) -> dict[str, _VT]
systems/projects/models.py:228: note:     def [_KT, _VT] dict(SupportsKeysAndGetItem[_KT, _VT], /) -> dict[_KT, _VT]
systems/projects/models.py:228: note:     def [_KT, _VT] dict(SupportsKeysAndGetItem[str, _VT], /, **kwargs: _VT) -> dict[str, _VT]
systems/projects/models.py:228: note:     def [_KT, _VT] dict(Iterable[tuple[_KT, _VT]], /) -> dict[_KT, _VT]
systems/projects/models.py:228: note:     def [_KT, _VT] dict(Iterable[tuple[str, _VT]], /, **kwargs: _VT) -> dict[str, _VT]
systems/projects/models.py:228: note:     def [_KT, _VT] dict(Iterable[list[str]], /) -> dict[str, str]
systems/projects/models.py:228: note:     def [_KT, _VT] dict(Iterable[list[bytes]], /) -> dict[bytes, bytes]
systems/projects/models.py:231: error: No overload variant of "dict" matches argument type "object"  [call-overload]
systems/projects/models.py:231: note: Possible overload variants:
systems/projects/models.py:231: note:     def [_KT, _VT] dict() -> dict[_KT, _VT]
systems/projects/models.py:231: note:     def [_KT, _VT] dict(**kwargs: _VT) -> dict[str, _VT]
systems/projects/models.py:231: note:     def [_KT, _VT] dict(SupportsKeysAndGetItem[_KT, _VT], /) -> dict[_KT, _VT]
systems/projects/models.py:231: note:     def [_KT, _VT] dict(SupportsKeysAndGetItem[str, _VT], /, **kwargs: _VT) -> dict[str, _VT]
systems/projects/models.py:231: note:     def [_KT, _VT] dict(Iterable[tuple[_KT, _VT]], /) -> dict[_KT, _VT]
systems/projects/models.py:231: note:     def [_KT, _VT] dict(Iterable[tuple[str, _VT]], /, **kwargs: _VT) -> dict[str, _VT]
systems/projects/models.py:231: note:     def [_KT, _VT] dict(Iterable[list[str]], /) -> dict[str, str]
systems/projects/models.py:231: note:     def [_KT, _VT] dict(Iterable[list[bytes]], /) -> dict[bytes, bytes]
systems/projects/models.py:234: error: No overload variant of "dict" matches argument type "object"  [call-overload]
systems/projects/models.py:234: note: Possible overload variants:
systems/projects/models.py:234: note:     def [_KT, _VT] dict() -> dict[_KT, _VT]
systems/projects/models.py:234: note:     def [_KT, _VT] dict(**kwargs: _VT) -> dict[str, _VT]
systems/projects/models.py:234: note:     def [_KT, _VT] dict(SupportsKeysAndGetItem[_KT, _VT], /) -> dict[_KT, _VT]
systems/projects/models.py:234: note:     def [_KT, _VT] dict(SupportsKeysAndGetItem[str, _VT], /, **kwargs: _VT) -> dict[str, _VT]
systems/projects/models.py:234: note:     def [_KT, _VT] dict(Iterable[tuple[_KT, _VT]], /) -> dict[_KT, _VT]
systems/projects/models.py:234: note:     def [_KT, _VT] dict(Iterable[tuple[str, _VT]], /, **kwargs: _VT) -> dict[str, _VT]
systems/projects/models.py:234: note:     def [_KT, _VT] dict(Iterable[list[str]], /) -> dict[str, str]
systems/projects/models.py:234: note:     def [_KT, _VT] dict(Iterable[list[bytes]], /) -> dict[bytes, bytes]
systems/projects/models.py:237: error: No overload variant of "dict" matches argument type "object"  [call-overload]
systems/projects/models.py:237: note: Possible overload variants:
systems/projects/models.py:237: note:     def [_KT, _VT] dict() -> dict[_KT, _VT]
systems/projects/models.py:237: note:     def [_KT, _VT] dict(**kwargs: _VT) -> dict[str, _VT]
systems/projects/models.py:237: note:     def [_KT, _VT] dict(SupportsKeysAndGetItem[_KT, _VT], /) -> dict[_KT, _VT]
systems/projects/models.py:237: note:     def [_KT, _VT] dict(SupportsKeysAndGetItem[str, _VT], /, **kwargs: _VT) -> dict[str, _VT]
systems/projects/models.py:237: note:     def [_KT, _VT] dict(Iterable[tuple[_KT, _VT]], /) -> dict[_KT, _VT]
systems/projects/models.py:237: note:     def [_KT, _VT] dict(Iterable[tuple[str, _VT]], /, **kwargs: _VT) -> dict[str, _VT]
systems/projects/models.py:237: note:     def [_KT, _VT] dict(Iterable[list[str]], /) -> dict[str, str]
systems/projects/models.py:237: note:     def [_KT, _VT] dict(Iterable[list[bytes]], /) -> dict[bytes, bytes]
systems/projects/models.py:242: error: No overload variant of "dict" matches argument type "object"  [call-overload]
systems/projects/models.py:242: note: Possible overload variants:
systems/projects/models.py:242: note:     def [_KT, _VT] dict() -> dict[_KT, _VT]
systems/projects/models.py:242: note:     def [_KT, _VT] dict(**kwargs: _VT) -> dict[str, _VT]
systems/projects/models.py:242: note:     def [_KT, _VT] dict(SupportsKeysAndGetItem[_KT, _VT], /) -> dict[_KT, _VT]
systems/projects/models.py:242: note:     def [_KT, _VT] dict(SupportsKeysAndGetItem[str, _VT], /, **kwargs: _VT) -> dict[str, _VT]
systems/projects/models.py:242: note:     def [_KT, _VT] dict(Iterable[tuple[_KT, _VT]], /) -> dict[_KT, _VT]
systems/projects/models.py:242: note:     def [_KT, _VT] dict(Iterable[tuple[str, _VT]], /, **kwargs: _VT) -> dict[str, _VT]
systems/projects/models.py:242: note:     def [_KT, _VT] dict(Iterable[list[str]], /) -> dict[str, str]
systems/projects/models.py:242: note:     def [_KT, _VT] dict(Iterable[list[bytes]], /) -> dict[bytes, bytes]
systems/projects/models.py:247: error: No overload variant of "dict" matches argument type "object"  [call-overload]
systems/projects/models.py:247: note: Possible overload variants:
systems/projects/models.py:247: note:     def [_KT, _VT] dict() -> dict[_KT, _VT]
systems/projects/models.py:247: note:     def [_KT, _VT] dict(**kwargs: _VT) -> dict[str, _VT]
systems/projects/models.py:247: note:     def [_KT, _VT] dict(SupportsKeysAndGetItem[_KT, _VT], /) -> dict[_KT, _VT]
systems/projects/models.py:247: note:     def [_KT, _VT] dict(SupportsKeysAndGetItem[str, _VT], /, **kwargs: _VT) -> dict[str, _VT]
systems/projects/models.py:247: note:     def [_KT, _VT] dict(Iterable[tuple[_KT, _VT]], /) -> dict[_KT, _VT]
systems/projects/models.py:247: note:     def [_KT, _VT] dict(Iterable[tuple[str, _VT]], /, **kwargs: _VT) -> dict[str, _VT]
systems/projects/models.py:247: note:     def [_KT, _VT] dict(Iterable[list[str]], /) -> dict[str, str]
systems/projects/models.py:247: note:     def [_KT, _VT] dict(Iterable[list[bytes]], /) -> dict[bytes, bytes]
systems/projects/models.py:249: error: No overload variant of "dict" matches argument type "object"  [call-overload]
systems/projects/models.py:249: note: Possible overload variants:
systems/projects/models.py:249: note:     def [_KT, _VT] dict() -> dict[_KT, _VT]
systems/projects/models.py:249: note:     def [_KT, _VT] dict(**kwargs: _VT) -> dict[str, _VT]
systems/projects/models.py:249: note:     def [_KT, _VT] dict(SupportsKeysAndGetItem[_KT, _VT], /) -> dict[_KT, _VT]
systems/projects/models.py:249: note:     def [_KT, _VT] dict(SupportsKeysAndGetItem[str, _VT], /, **kwargs: _VT) -> dict[str, _VT]
systems/projects/models.py:249: note:     def [_KT, _VT] dict(Iterable[tuple[_KT, _VT]], /) -> dict[_KT, _VT]
systems/projects/models.py:249: note:     def [_KT, _VT] dict(Iterable[tuple[str, _VT]], /, **kwargs: _VT) -> dict[str, _VT]
systems/projects/models.py:249: note:     def [_KT, _VT] dict(Iterable[list[str]], /) -> dict[str, str]
systems/projects/models.py:249: note:     def [_KT, _VT] dict(Iterable[list[bytes]], /) -> dict[bytes, bytes]
systems/projects/models.py:252: error: "object" has no attribute "__iter__"; maybe "__dir__" or "__str__"? (not iterable)  [attr-defined]
systems/stages/thermal.py:40: error: Argument 1 to "float" has incompatible type "object"; expected "str | Buffer | SupportsFloat | SupportsIndex"  [arg-type]
systems/stages/chamber.py:34: error: Argument 1 to "float" has incompatible type "object"; expected "str | Buffer | SupportsFloat | SupportsIndex"  [arg-type]
api/physics_compressible.py:106: error: Argument 1 to "float" has incompatible type "object"; expected "str | Buffer | SupportsFloat | SupportsIndex"  [arg-type]
api/physics_compressible.py:107: error: Argument 1 to "float" has incompatible type "object"; expected "str | Buffer | SupportsFloat | SupportsIndex"  [arg-type]
api/physics_compressible.py:108: error: Argument 1 to "float" has incompatible type "object"; expected "str | Buffer | SupportsFloat | SupportsIndex"  [arg-type]
api/physics_compressible.py:109: error: Argument 1 to "float" has incompatible type "object"; expected "str | Buffer | SupportsFloat | SupportsIndex"  [arg-type]
api/physics_compressible.py:110: error: Argument 1 to "float" has incompatible type "object"; expected "str | Buffer | SupportsFloat | SupportsIndex"  [arg-type]
api/physics_compressible.py:111: error: Argument 1 to "float" has incompatible type "object"; expected "str | Buffer | SupportsFloat | SupportsIndex"  [arg-type]
api/physics_compressible.py:112: error: Argument 1 to "float" has incompatible type "object"; expected "str | Buffer | SupportsFloat | SupportsIndex"  [arg-type]
api/physics_compressible.py:113: error: Argument 1 to "float" has incompatible type "object"; expected "str | Buffer | SupportsFloat | SupportsIndex"  [arg-type]
api/physics_compressible.py:114: error: Argument 1 to "float" has incompatible type "object"; expected "str | Buffer | SupportsFloat | SupportsIndex"  [arg-type]
api/physics_compressible.py:115: error: Argument 1 to "float" has incompatible type "object"; expected "str | Buffer | SupportsFloat | SupportsIndex"  [arg-type]
api/physics_compressible.py:117: error: Argument 1 to "float" has incompatible type "object"; expected "str | Buffer | SupportsFloat | SupportsIndex"  [arg-type]
api/physics_compressible.py:148: error: Argument 1 to "float" has incompatible type "object"; expected "str | Buffer | SupportsFloat | SupportsIndex"  [arg-type]
api/physics_compressible.py:178: error: Argument 1 to "float" has incompatible type "object"; expected "str | Buffer | SupportsFloat | SupportsIndex"  [arg-type]
api/physics_compressible.py:179: error: Argument 1 to "float" has incompatible type "object"; expected "str | Buffer | SupportsFloat | SupportsIndex"  [arg-type]
api/physics_compressible.py:180: error: Argument 1 to "float" has incompatible type "object"; expected "str | Buffer | SupportsFloat | SupportsIndex"  [arg-type]
api/physics_compressible.py:181: error: Argument 1 to "float" has incompatible type "object"; expected "str | Buffer | SupportsFloat | SupportsIndex"  [arg-type]
systems/stages/structure.py:88: error: Argument 1 to "float" has incompatible type "object"; expected "str | Buffer | SupportsFloat | SupportsIndex"  [arg-type]
systems/workflow/orchestrator.py:153: error: Argument 2 to "store_stage_result" of "PropulsionDesign" has incompatible type "object"; expected "CalculationResult"  [arg-type]
systems/workflow/orchestrator.py:162: error: Argument 2 to "store_stage_result" of "PropulsionDesign" has incompatible type "object"; expected "CalculationResult"  [arg-type]
knowledge/workspace/graph_view.py:86: error: Incompatible types in assignment (expression has type "str", variable has type "SourceRecord")  [assignment]
knowledge/workspace/graph_view.py:94: error: Argument 1 to "add" of "set" has incompatible type "tuple[SourceRecord, str, str]"; expected "tuple[str, str, str]"  [arg-type]
knowledge/workspace/graph_view.py:95: error: Argument 1 to "ensure_node" has incompatible type "SourceRecord"; expected "str"  [arg-type]
knowledge/workspace/graph_view.py:118: error: Argument 1 to "add" of "set" has incompatible type "tuple[str, ...]"; expected "tuple[str, str]"  [arg-type]
Found 73 errors in 19 files (checked 167 source files)
